Deploying cluster: https://api.devnet.solana.com
Upgrade authority: /Users/cichlidfish/.config/solana/id.json
Deploying program "counter"...
Program path: /Users/cichlidfish/counter/target/deploy/counter.so...
Program Id: HpjTvLKu963kUo3LcxKNmFVYgBHDMGgxyDWV3ZHPNZv2

Signature: 4Rapw8GNwUmyUm4D1iy9JNroFeEghoqk5SLA3K3zLZHGGAx7SewxFZYM5pFu2yWL9Kr6erhJhdo53E5gTZ23iiqv

Deploy success

Found a 'test' script in the Anchor.toml. Running it as a test suite!

Running test suite: "/Users/cichlidfish/counter/Anchor.toml"

yarn run v1.22.22
$ /Users/cichlidfish/counter/node_modules/.bin/ts-mocha -p ./tsconfig.json -t 1000000 'tests/**/*.ts'


  counter
SendTransactionError: Simulation failed. 
Message: Transaction simulation failed: Error processing Instruction 0: custom program error: 0x0. 
Logs: 
[
  "Program HpjTvLKu963kUo3LcxKNmFVYgBHDMGgxyDWV3ZHPNZv2 invoke [1]",
  "Program log: Instruction: Initialize",
  "Program 11111111111111111111111111111111 invoke [2]",
  "Allocate: account Address { address: 8oqmfVrYXV6ejvfC8LLjVZGSFwXhnMD2zCrSL8sHsaeQ, base: None } already in use",
  "Program 11111111111111111111111111111111 failed: custom program error: 0x0",
  "Program HpjTvLKu963kUo3LcxKNmFVYgBHDMGgxyDWV3ZHPNZv2 consumed 6556 of 200000 compute units",
  "Program HpjTvLKu963kUo3LcxKNmFVYgBHDMGgxyDWV3ZHPNZv2 failed: custom program error: 0x0"
]. 
Catch the `SendTransactionError` and call `getLogs()` on it for full details.
    at Connection.sendEncodedTransaction (/Users/cichlidfish/counter/node_modules/@solana/web3.js/src/connection.ts:6053:13)
    at processTicksAndRejections (node:internal/process/task_queues:105:5)
    at Connection.sendRawTransaction (/Users/cichlidfish/counter/node_modules/@solana/web3.js/src/connection.ts:6009:20)
    at sendAndConfirmRawTransaction (/Users/cichlidfish/counter/node_modules/@coral-xyz/anchor/src/provider.ts:396:25)
    at AnchorProvider.sendAndConfirm (/Users/cichlidfish/counter/node_modules/@coral-xyz/anchor/src/provider.ts:167:14)
    at MethodsBuilder.rpc [as _rpcFn] (/Users/cichlidfish/counter/node_modules/@coral-xyz/anchor/src/program/namespace/rpc.ts:29:16) {
  signature: '',
  transactionMessage: 'Transaction simulation failed: Error processing Instruction 0: custom program error: 0x0',
  transactionLogs: [
    'Program HpjTvLKu963kUo3LcxKNmFVYgBHDMGgxyDWV3ZHPNZv2 invoke [1]',
    'Program log: Instruction: Initialize',
    'Program 11111111111111111111111111111111 invoke [2]',
    'Allocate: account Address { address: 8oqmfVrYXV6ejvfC8LLjVZGSFwXhnMD2zCrSL8sHsaeQ, base: None } already in use',
    'Program 11111111111111111111111111111111 failed: custom program error: 0x0',
    'Program HpjTvLKu963kUo3LcxKNmFVYgBHDMGgxyDWV3ZHPNZv2 consumed 6556 of 200000 compute units',
    'Program HpjTvLKu963kUo3LcxKNmFVYgBHDMGgxyDWV3ZHPNZv2 failed: custom program error: 0x0'
  ],
  programErrorStack: ProgramErrorStack {
    stack: [
      [PublicKey [PublicKey(HpjTvLKu963kUo3LcxKNmFVYgBHDMGgxyDWV3ZHPNZv2)]],
      [PublicKey [PublicKey(11111111111111111111111111111111)]]
    ]
  }
}
    ✔ Is initialized! (1582ms)
Transaction Signature: 4hhiBjG1m9hxHH6ZTM89xPaRaH2P9ddd6Fw8PebyTfopU3SocS2LtfgZj7i64zBkP5ko9N4EWznSpEFAnRrLP2r6
Count: 2
    ✔ Increment (2294ms)


  2 passing (4s)

Done in 5.15s.
